 
****************************************
Report : area
Design : riscv_core
Version: O-2018.06-SP4
Date   : Tue Jun 16 01:21:13 2020
****************************************

Library(s) Used:

    NanGate_15nm_OCL (File: /software/dk/NanGate_15nm_OCL/front_end/timing_power_noise/ECSM/NanGate_15nm_OCL_typical_conditional_ecsm.db)

Number of ports:                        11380
Number of nets:                         39386
Number of cells:                        28221
Number of combinational cells:          24952
Number of sequential cells:              2592
Number of macros/black boxes:               0
Number of buf/inv:                       5558
Number of references:                      15

Combinational area:               8588.673163
Buf/Inv area:                      971.292685
Noncombinational area:            2671.017910
Macro/Black Box area:                0.000000
Net Interconnect area:      undefined  (No wire load specified)

Total cell area:                 11259.691074
Total area:                 undefined
1
