Loading db file '/software/dk/NanGate_15nm_OCL/front_end/timing_power_noise/ECSM/NanGate_15nm_OCL_typical_conditional_ecsm.db'
Information: Propagating switching activity (low effort zero delay simulation). (PWR-6)
Warning: Design has unannotated primary inputs. (PWR-414)
Warning: Design has unannotated sequential cell outputs. (PWR-415)
Warning: Design has unannotated black box outputs. (PWR-428)
 
****************************************
Report : power
        -analysis_effort low
Design : riscv_core
Version: O-2018.06-SP4
Date   : Tue Jun 16 01:21:17 2020
****************************************


Library(s) Used:

    NanGate_15nm_OCL (File: /software/dk/NanGate_15nm_OCL/front_end/timing_power_noise/ECSM/NanGate_15nm_OCL_typical_conditional_ecsm.db)


Operating Conditions: typical   Library: NanGate_15nm_OCL
Wire Load Model Mode: top


Global Operating Voltage = 0.8  
Power-specific unit information :
    Voltage Units = 1V
    Capacitance Units = 1.000000ff
    Time Units = 1ps
    Dynamic Power Units = 1mW    (derived from V,C,T units)
    Leakage Power Units = 1pW


  Cell Internal Power  =  73.6531 mW   (65%)
  Net Switching Power  =  39.9804 mW   (35%)
                         ---------
Total Dynamic Power    = 113.6335 mW  (100%)

Cell Leakage Power     = 374.6403 uW

Information: report_power power group summary does not include estimated clock tree power. (PWR-789)

                 Internal         Switching           Leakage            Total
Power Group      Power            Power               Power              Power   (   %    )  Attrs
--------------------------------------------------------------------------------------------------
io_pad             0.0000            0.0000            0.0000            0.0000  (   0.00%)
memory             0.0000            0.0000            0.0000            0.0000  (   0.00%)
black_box          0.0000            1.2507            0.0000            1.2507  (   1.10%)
clock_network      0.0000            0.0000            0.0000            0.0000  (   0.00%)
register           0.0000            0.0000            0.0000            0.0000  (   0.00%)
sequential        54.0498            0.2013        8.8351e+07           54.3395  (  47.66%)
combinational     19.6041           38.5279        2.8629e+08           58.4187  (  51.24%)
--------------------------------------------------------------------------------------------------
Total             73.6539 mW        39.9800 mW     3.7464e+08 pW       114.0089 mW
1
